
C:\Users\barrya\source\repos\AutoCAD_MCP\.venv\Lib\site-packages\_pytest\python.py:147: Failed: async def functions 
are not natively supported.
C:\Users\barrya\source\repos\AutoCAD_MCP\.venv\Lib\site-packages\_pytest\python.py:147: Failed: async def functions 
are not natively supported.
C:\Users\barrya\source\repos\AutoCAD_MCP\.venv\Lib\site-packages\_pytest\python.py:147: Failed: async def functions 
are not natively supported.
C:\Users\barrya\source\repos\AutoCAD_MCP\.venv\Lib\site-packages\_pytest\python.py:147: Failed: async def functions 
are not natively supported.
C:\Users\barrya\source\repos\AutoCAD_MCP\.venv\Lib\site-packages\_pytest\python.py:147: Failed: async def functions 
are not natively supported.
C:\Users\barrya\source\repos\AutoCAD_MCP\.venv\Lib\site-packages\_pytest\python.py:147: Failed: async def functions 
are not natively supported.
C:\Users\barrya\source\repos\AutoCAD_MCP\.venv\Lib\site-packages\_pytest\python.py:147: Failed: async def functions 
are not natively supported.
C:\Users\barrya\source\repos\AutoCAD_MCP\.venv\Lib\site-packages\_pytest\python.py:147: Failed: async def functions 
are not natively supported.
C:\Users\barrya\source\repos\AutoCAD_MCP\.venv\Lib\site-packages\_pytest\python.py:147: Failed: async def functions 
are not natively supported.
C:\Users\barrya\source\repos\AutoCAD_MCP\.venv\Lib\site-packages\_pytest\python.py:147: Failed: async def functions 
are not natively supported.
C:\Users\barrya\source\repos\AutoCAD_MCP\.venv\Lib\site-packages\_pytest\python.py:147: Failed: async def functions 
are not natively supported.
C:\Users\barrya\source\repos\AutoCAD_MCP\.venv\Lib\site-packages\_pytest\python.py:147: Failed: async def functions 
are not natively supported.
C:\Users\barrya\source\repos\AutoCAD_MCP\.venv\Lib\site-packages\_pytest\python.py:147: Failed: async def functions 
are not natively supported.
C:\Users\barrya\source\repos\AutoCAD_MCP\.venv\Lib\site-packages\_pytest\python.py:147: Failed: async def functions 
are not natively supported.
C:\Users\barrya\source\repos\AutoCAD_MCP\.venv\Lib\site-packages\_pytest\python.py:147: Failed: async def functions 
are not natively supported.
C:\Users\barrya\source\repos\AutoCAD_MCP\.venv\Lib\site-packages\_pytest\python.py:147: Failed: async def functions 
are not natively supported.
C:\Users\barrya\source\repos\AutoCAD_MCP\.venv\Lib\site-packages\_pytest\python.py:147: Failed: async def functions 
are not natively supported.
C:\Users\barrya\source\repos\AutoCAD_MCP\.venv\Lib\site-packages\_pytest\python.py:147: Failed: async def functions 
are not natively supported.
C:\Users\barrya\source\repos\AutoCAD_MCP\tests\security\test_enhanced_mcp_security.py:476: AssertionError: Security 
acceptance criterion failed: access_control_system_tested
C:\Users\barrya\source\repos\AutoCAD_MCP\.venv\Lib\site-packages\_pytest\python.py:147: Failed: async def functions 
are not natively supported.
C:\Users\barrya\source\repos\AutoCAD_MCP\.venv\Lib\site-packages\_pytest\python.py:147: Failed: async def functions 
are not natively supported.
C:\Users\barrya\source\repos\AutoCAD_MCP\.venv\Lib\site-packages\_pytest\python.py:147: Failed: async def functions 
are not natively supported.
C:\Users\barrya\source\repos\AutoCAD_MCP\.venv\Lib\site-packages\_pytest\python.py:147: Failed: async def functions 
are not natively supported.
C:\Users\barrya\source\repos\AutoCAD_MCP\.venv\Lib\site-packages\_pytest\python.py:147: Failed: async def functions 
are not natively supported.
C:\Users\barrya\source\repos\AutoCAD_MCP\.venv\Lib\site-packages\_pytest\python.py:147: Failed: async def functions 
are not natively supported.
C:\Users\barrya\source\repos\AutoCAD_MCP\.venv\Lib\site-packages\_pytest\python.py:147: Failed: async def functions 
are not natively supported.
C:\Users\barrya\source\repos\AutoCAD_MCP\.venv\Lib\site-packages\_pytest\python.py:147: Failed: async def functions 
are not natively supported.
C:\Users\barrya\source\repos\AutoCAD_MCP\.venv\Lib\site-packages\_pytest\python.py:147: Failed: async def functions 
are not natively supported.
C:\Users\barrya\source\repos\AutoCAD_MCP\.venv\Lib\site-packages\_pytest\python.py:147: Failed: async def functions 
are not natively supported.
C:\Users\barrya\source\repos\AutoCAD_MCP\.venv\Lib\site-packages\_pytest\python.py:147: Failed: async def functions 
are not natively supported.
C:\Users\barrya\source\repos\AutoCAD_MCP\.venv\Lib\site-packages\_pytest\python.py:147: Failed: async def functions 
are not natively supported.
C:\Users\barrya\source\repos\AutoCAD_MCP\.venv\Lib\site-packages\_pytest\python.py:147: Failed: async def functions 
are not natively supported.
C:\Users\barrya\source\repos\AutoCAD_MCP\.venv\Lib\site-packages\_pytest\python.py:147: Failed: async def functions 
are not natively supported.
C:\Users\barrya\source\repos\AutoCAD_MCP\.venv\Lib\site-packages\_pytest\python.py:147: Failed: async def functions 
are not natively supported.
C:\Users\barrya\source\repos\AutoCAD_MCP\.venv\Lib\site-packages\_pytest\python.py:147: Failed: async def functions 
are not natively supported.
C:\Users\barrya\source\repos\AutoCAD_MCP\.venv\Lib\site-packages\_pytest\python.py:147: Failed: async def functions 
are not natively supported.
C:\Users\barrya\source\repos\AutoCAD_MCP\.venv\Lib\site-packages\_pytest\python.py:147: Failed: async def functions 
are not natively supported.
C:\Users\barrya\source\repos\AutoCAD_MCP\.venv\Lib\site-packages\_pytest\python.py:147: Failed: async def functions 
are not natively supported.
C:\Users\barrya\source\repos\AutoCAD_MCP\.venv\Lib\site-packages\_pytest\python.py:147: Failed: async def functions 
are not natively supported.
C:\Users\barrya\source\repos\AutoCAD_MCP\.venv\Lib\site-packages\_pytest\python.py:147: Failed: async def functions 
are not natively supported.
C:\Users\barrya\source\repos\AutoCAD_MCP\.venv\Lib\site-packages\_pytest\python.py:147: Failed: async def functions 
are not natively supported.
C:\Users\barrya\source\repos\AutoCAD_MCP\.venv\Lib\site-packages\_pytest\python.py:147: Failed: async def functions 
are not natively supported.
C:\Users\barrya\source\repos\AutoCAD_MCP\.venv\Lib\site-packages\_pytest\python.py:147: Failed: async def functions 
are not natively supported.
C:\Users\barrya\source\repos\AutoCAD_MCP\.venv\Lib\site-packages\_pytest\python.py:147: Failed: async def functions 
are not natively supported.
C:\Users\barrya\source\repos\AutoCAD_MCP\tests\unit\test_enhanced_mcp_server.py:294: AssertionError: assert 
('invalid' in 'failed to draw line: failed to establish autocad connection after 3 attempts' or 'error' in 'failed to 
draw line: failed to establish autocad connection after 3 attempts')
C:\Users\barrya\source\repos\AutoCAD_MCP\src\mcp_integration\enhanced_mcp_server.py:142: 
mcp.shared.exceptions.McpError: Failed to draw line: Failed to establish AutoCAD connection after 3 attempts
C:\Users\barrya\source\repos\AutoCAD_MCP\tests\unit\test_multi_algorithm_suite.py:129: AssertionError: Code 
generation failed for: Create a function to draw a circle in AutoCAD with center and radius
C:\Users\barrya\source\repos\AutoCAD_MCP\.venv\Lib\site-packages\_pytest\python.py:147: Failed: async def functions 
are not natively supported.
C:\Users\barrya\source\repos\AutoCAD_MCP\.venv\Lib\site-packages\_pytest\python.py:147: Failed: async def functions 
are not natively supported.
C:\Users\barrya\source\repos\AutoCAD_MCP\.venv\Lib\site-packages\_pytest\python.py:147: Failed: async def functions 
are not natively supported.
C:\Users\barrya\source\repos\AutoCAD_MCP\.venv\Lib\site-packages\_pytest\python.py:147: Failed: async def functions 
are not natively supported.
C:\Users\barrya\source\repos\AutoCAD_MCP\.venv\Lib\site-packages\_pytest\python.py:147: Failed: async def functions 
are not natively supported.
C:\Users\barrya\source\repos\AutoCAD_MCP\tests\unit\test_validation_engine.py:257: Failed: DID NOT RAISE any of 
(<class 'ValueError'>, <class 'NotImplementedError'>)
FAILED tests/integration/test_csharp_integration.py::TestCSharpCodeGeneration::test_basic_line_drawing_generation
FAILED tests/integration/test_csharp_integration.py::TestCSharpCodeGeneration::test_mesh_creation_generation
FAILED tests/integration/test_csharp_integration.py::TestCSharpCodeGeneration::test_layer_management_generation
FAILED 
tests/integration/test_csharp_integration.py::TestCrossLanguageIntegration::test_python_to_csharp_data_conversion
FAILED tests/integration/test_csharp_integration.py::TestCrossLanguageIntegration::test_cross_language_function_calls
FAILED tests/integration/test_csharp_integration.py::TestCrossLanguageIntegration::test_error_propagation
FAILED tests/integration/test_csharp_integration.py::TestAutoCADVersionCompatibility::test_version_2024_compatibility
FAILED tests/integration/test_csharp_integration.py::TestAutoCADVersionCompatibility::test_version_specific_patterns
FAILED tests/integration/test_csharp_integration.py::TestAutoCADVersionCompatibility::test_deprecation_handling
FAILED tests/integration/test_csharp_integration.py::TestIDEIntegration::test_vs_code_integration
FAILED tests/integration/test_csharp_integration.py::TestIDEIntegration::test_visual_studio_integration
FAILED tests/integration/test_csharp_integration.py::TestCSharpPerformance::test_code_generation_speed
FAILED tests/integration/test_csharp_integration.py::TestCSharpPerformance::test_cross_language_overhead
FAILED tests/integration/test_csharp_integration.py::TestCSharpPerformance::test_concurrent_operations
FAILED tests/integration/test_csharp_integration.py::TestCompilationValidation::test_basic_program_compilation
FAILED tests/integration/test_csharp_integration.py::TestCompilationValidation::test_complex_mesh_compilation
FAILED tests/integration/test_csharp_integration.py::TestCompilationValidation::test_ui_plugin_compilation
FAILED tests/integration/test_csharp_integration.py::test_comprehensive_csharp_integration
FAILED tests/integration/test_enhanced_mcp_integration.py::TestEnhancedMCPIntegration::test_integration_with_existing_
tools_verified
FAILED tests/performance/test_algorithm_benchmarks.py::TestLSCMPerformanceBenchmarks::test_lscm_concurrent_execution
FAILED tests/performance/test_algorithm_benchmarks.py::TestMCPServerPerformance::test_basic_tool_response_times
FAILED tests/performance/test_enhanced_mcp_enterprise_load.py::TestEnterpriseLoadTesting::test_baseline_performance_me
asurement
FAILED 
tests/performance/test_enhanced_mcp_enterprise_load.py::TestEnterpriseLoadTesting::test_100_concurrent_operations
FAILED 
tests/performance/test_enhanced_mcp_enterprise_load.py::TestEnterpriseLoadTesting::test_large_workload_processing
FAILED 
tests/performance/test_enhanced_mcp_enterprise_load.py::TestEnterpriseLoadTesting::test_mixed_workload_scenarios
FAILED 
tests/performance/test_enhanced_mcp_enterprise_load.py::TestEnterpriseLoadTesting::test_resource_contention_validation
FAILED 
tests/performance/test_performance_validation.py::TestBenchmarkFrameworkStructure::test_benchmark_file_structure
FAILED tests/regression/test_basic_tools_regression.py::TestBasicToolsRegression::test_draw_line_regression
FAILED tests/regression/test_basic_tools_regression.py::TestBasicToolsRegression::test_draw_circle_regression
FAILED tests/regression/test_basic_tools_regression.py::TestBasicToolsRegression::test_extrude_profile_regression
FAILED tests/regression/test_basic_tools_regression.py::TestBasicToolsRegression::test_revolve_profile_regression
FAILED tests/regression/test_basic_tools_regression.py::TestBasicToolsRegression::test_list_entities_regression
FAILED tests/regression/test_basic_tools_regression.py::TestBasicToolsRegression::test_get_entity_info_regression
FAILED tests/regression/test_basic_tools_regression.py::TestBasicToolsRegression::test_server_status_regression
FAILED tests/regression/test_basic_tools_regression.py::TestMCPServerStability::test_tool_discovery_includes_all_tools
FAILED 
tests/regression/test_basic_tools_regression.py::TestMCPServerStability::test_no_interference_between_tool_types
FAILED tests/regression/test_basic_tools_regression.py::TestMCPServerStability::test_memory_usage_baseline_validation
FAILED tests/regression/test_basic_tools_regression.py::TestBackwardCompatibility::test_response_format_consistency
FAILED tests/regression/test_basic_tools_regression.py::TestBackwardCompatibility::test_error_handling_backwards_compa
tibility
FAILED 
tests/regression/test_basic_tools_regression.py::TestBackwardCompatibility::test_performance_baseline_preservation
FAILED tests/regression/test_basic_tools_regression.py::TestConcurrentExecution::test_basic_tools_work_during_advanced
_operations
FAILED tests/regression/test_basic_tools_regression.py::TestConcurrentExecution::test_no_resource_contention_issues
FAILED tests/regression/test_basic_tools_regression.py::TestConcurrentExecution::test_proper_error_isolation
FAILED tests/regression/test_basic_tools_regression.py::TestRegressionSuite::test_all_basic_tools_functional
FAILED tests/regression/test_basic_tools_regression.py::TestRegressionSuite::test_performance_regression_suite
FAILED tests/regression/test_basic_tools_regression.py::TestRegressionSuite::test_memory_stability_after_integration
FAILED 
tests/security/test_automated_code_reviewer.py::TestAutomatedCodeReviewerSecurity::test_security_report_structure
FAILED tests/security/test_enhanced_mcp_security.py::TestEnhancedMCPSecurity::test_access_control_system_tested
FAILED tests/security/test_enhanced_mcp_security.py::TestEnhancedMCPSecurity::test_comprehensive_security_validation
FAILED tests/security/test_secure_evaluator.py::TestSecureExpressionEvaluator::test_max_expression_length
FAILED tests/security/test_secure_evaluator.py::TestSecureExpressionEvaluator::test_function_call_restrictions
FAILED tests/security/test_secure_evaluator.py::TestSecureExpressionEvaluator::test_namespace_filtering
FAILED tests/security/test_security_framework.py::TestCodeValidationSecurity::test_malicious_python_code_detection
FAILED tests/security/test_security_framework.py::TestCodeValidationSecurity::test_safe_code_validation
FAILED tests/security/test_security_framework.py::TestSandboxedExecutionSecurity::test_sandbox_file_system_isolation
FAILED tests/security/test_security_framework.py::TestSandboxedExecutionSecurity::test_sandbox_network_isolation
FAILED tests/security/test_security_framework.py::TestSandboxedExecutionSecurity::test_sandbox_resource_limits
FAILED tests/security/test_security_framework.py::TestAccessControlSecurity::test_role_based_access_control
FAILED tests/security/test_security_framework.py::TestAccessControlSecurity::test_session_authentication
FAILED tests/security/test_security_framework.py::TestInputSanitizationSecurity::test_sql_injection_prevention
FAILED tests/security/test_security_framework.py::TestInputSanitizationSecurity::test_code_injection_prevention
FAILED tests/security/test_security_framework.py::TestAuditTrailSecurity::test_security_event_logging
FAILED tests/unit/test_automated_code_reviewer.py::TestAutomatedCodeReviewer::test_review_simple_code
FAILED tests/unit/test_automated_code_reviewer.py::TestAutomatedCodeReviewer::test_detect_security_issues
FAILED tests/unit/test_automated_code_reviewer.py::TestAutomatedCodeReviewer::test_detect_hardcoded_secrets
FAILED tests/unit/test_automated_code_reviewer.py::TestAutomatedCodeReviewer::test_autocad_best_practices
FAILED tests/unit/test_automated_code_reviewer.py::TestAutomatedCodeReviewer::test_code_complexity_analysis
FAILED tests/unit/test_automated_code_reviewer.py::TestAutomatedCodeReviewer::test_syntax_error_handling
FAILED tests/unit/test_automated_code_reviewer.py::TestAutomatedCodeReviewer::test_empty_code_handling
FAILED tests/unit/test_automated_code_reviewer.py::TestAutomatedCodeReviewer::test_quality_score_calculation
FAILED tests/unit/test_automated_code_reviewer.py::TestAutomatedCodeReviewer::test_suggestion_generation
FAILED tests/unit/test_automated_code_reviewer.py::TestAutomatedCodeReviewer::test_finding_severity_assignment
FAILED tests/unit/test_automated_code_reviewer.py::TestAutomatedCodeReviewer::test_multiple_language_support
FAILED tests/unit/test_automated_code_reviewer.py::TestReviewFinding::test_finding_creation
FAILED tests/unit/test_automated_code_reviewer.py::TestQualityMetrics::test_metrics_initialization
FAILED 
tests/unit/test_automated_code_reviewer_comprehensive.py::TestAutomatedCodeReviewer::test_review_code_valid_syntax
FAILED 
tests/unit/test_automated_code_reviewer_comprehensive.py::TestAutomatedCodeReviewer::test_review_code_syntax_error
FAILED tests/unit/test_automated_code_reviewer_comprehensive.py::TestAutoCADASTVisitor::test_transaction_detection
FAILED tests/unit/test_automated_code_reviewer_comprehensive.py::TestQualityScoring::test_compliance_scores
FAILED tests/unit/test_automated_code_reviewer_comprehensive.py::TestIntegration::test_integration_with_dependencies
FAILED tests/unit/test_drawing_operations.py::TestDrawLine::test_draw_line_success
FAILED tests/unit/test_drawing_operations.py::TestDrawLine::test_draw_line_invalid_point
FAILED tests/unit/test_drawing_operations.py::TestDrawLine::test_draw_line_autocad_error
FAILED tests/unit/test_drawing_operations.py::TestDrawCircle::test_draw_circle_success
FAILED tests/unit/test_drawing_operations.py::TestDrawCircle::test_draw_circle_negative_radius
FAILED tests/unit/test_drawing_operations.py::TestDrawCircle::test_draw_circle_invalid_center
FAILED tests/unit/test_drawing_operations.py::TestListEntities::test_list_entities_success
FAILED tests/unit/test_drawing_operations.py::TestListEntities::test_list_entities_empty
FAILED tests/unit/test_drawing_operations.py::TestListEntities::test_list_entities_autocad_error
FAILED tests/unit/test_drawing_operations.py::TestGetEntityInfo::test_get_entity_info_success
FAILED tests/unit/test_drawing_operations.py::TestGetEntityInfo::test_get_entity_info_not_found
FAILED tests/unit/test_drawing_operations.py::TestServerStatus::test_server_status_success
FAILED tests/unit/test_drawing_operations.py::TestServerStatus::test_server_status_autocad_disconnected
FAILED tests/unit/test_drawing_operations.py::TestMCPToolsIntegration::test_draw_and_list_workflow
FAILED tests/unit/test_drawing_operations.py::TestMCPToolsIntegration::test_get_entity_after_draw
FAILED tests/unit/test_enhanced_mcp_server.py::TestSecurityFramework::test_input_validation_security
FAILED tests/unit/test_enhanced_mcp_server.py::TestPerformanceRegression::test_basic_operation_performance
FAILED tests/unit/test_handoff_command.py::TestHandoffCommand::test_find_project_root_fallback_to_cwd
FAILED tests/unit/test_handoff_command.py::TestHandoffCommand::test_get_roadmap_status_with_file
FAILED tests/unit/test_handoff_command.py::TestHandoffCommand::test_handoff_with_real_directory_structure
FAILED tests/unit/test_handoff_command.py::TestHandoffCommand::test_update_session_handoff
FAILED tests/unit/test_lscm_algorithm_enhanced.py::TestNumericalStability::test_extremely_large_mesh
FAILED tests/unit/test_lscm_algorithm_enhanced.py::TestComplexGeometries::test_highly_curved_surface
FAILED tests/unit/test_lscm_algorithm_enhanced.py::TestBoundaryConditions::test_overconstrained_system
FAILED tests/unit/test_lscm_algorithm_enhanced.py::TestBoundaryConditions::test_conflicting_constraints
FAILED tests/unit/test_lscm_algorithm_enhanced.py::TestBoundaryConditions::test_partial_boundary_constraints
FAILED tests/unit/test_lscm_algorithm_enhanced.py::TestDistortionAnalysis::test_zero_distortion_case
FAILED tests/unit/test_lscm_algorithm_enhanced.py::TestErrorHandling::test_mismatched_dimensions
FAILED tests/unit/test_lscm_algorithm_enhanced.py::TestRegressionPrevention::test_boundary_constraint_preservation
FAILED 
tests/unit/test_mcp_advanced_tools.py::TestAdvancedMCPIntegration::test_successful_lscm_execution_with_valid_mesh
FAILED tests/unit/test_mcp_advanced_tools.py::TestLSCMResponseStructure::test_success_response_required_fields
FAILED tests/unit/test_mcp_advanced_tools.py::TestMCPEndToEndWorkflow::test_complete_workflow_simple_triangle
FAILED tests/unit/test_multi_algorithm_suite.py::TestAICodeGeneration::test_python_code_generation
FAILED tests/unit/test_multi_algorithm_suite.py::TestAICodeGeneration::test_autolisp_code_generation
FAILED tests/unit/test_multi_algorithm_suite.py::TestAICodeGeneration::test_vba_code_generation
FAILED tests/unit/test_multi_algorithm_suite.py::TestNaturalLanguageProcessing::test_technical_language_parsing
FAILED tests/unit/test_multi_algorithm_suite.py::TestNaturalLanguageProcessing::test_code_requirement_extraction
FAILED tests/unit/test_multi_algorithm_suite.py::TestMultiLanguageSynthesis::test_cross_language_coordination
FAILED tests/unit/test_multi_algorithm_suite.py::TestInteractiveDevelopmentTools::test_intelligent_autocomplete
FAILED tests/unit/test_multi_algorithm_suite.py::TestInteractiveDevelopmentTools::test_code_refactoring_engine
FAILED tests/unit/test_pickup_command.py::TestPickupCommand::test_analyze_and_prioritize_critical_issues
FAILED tests/unit/test_pickup_command.py::TestPickupCommand::test_analyze_and_prioritize_with_handoff_context
FAILED tests/unit/test_pickup_command.py::TestPickupCommand::test_assess_test_coverage
FAILED tests/unit/test_pickup_command.py::TestPickupCommand::test_determine_project_phase
FAILED tests/unit/test_pickup_command.py::TestPickupCommand::test_get_git_status_failure
FAILED tests/unit/test_pickup_command.py::TestPickupCommand::test_perform_quality_assessment
FAILED tests/unit/test_pickup_command.py::TestPickupCommand::test_read_session_handoff_exists
FAILED tests/unit/test_pickup_command.py::TestPickupCommand::test_read_session_handoff_not_exists
FAILED tests/unit/test_pickup_command.py::TestPickupCommand::test_save_session_todo
FAILED tests/unit/test_pickup_command.py::TestPickupCommand::test_scan_codebase_for_incomplete_implementations
FAILED tests/unit/test_pickup_command.py::TestPickupCommand::test_scan_codebase_for_todo_comments
FAILED tests/unit/test_pickup_command.py::TestPickupCommand::test_todo_presentation_approval
FAILED tests/unit/test_validation_engine.py::TestValidationEngine::test_validate_valid_python_code
FAILED tests/unit/test_validation_engine.py::TestValidationEngine::test_validate_python_syntax_error
FAILED tests/unit/test_validation_engine.py::TestValidationEngine::test_validate_unsupported_language
FAILED tests/unit/test_validation_engine.py::TestValidationEngine::test_quality_score_calculation
FAILED tests/unit/test_validation_engine.py::TestValidationIntegration::test_end_to_end_python_validation
FAILED tests/unit/test_validation_engine_comprehensive.py::TestPythonValidation::test_python_syntax_errors
FAILED tests/unit/test_validation_engine_comprehensive.py::TestPythonValidation::test_python_security_issues
FAILED tests/unit/test_validation_engine_comprehensive.py::TestAutoLISPValidation::test_autolisp_structure_validation
FAILED tests/unit/test_validation_engine_comprehensive.py::TestVBAValidation::test_vba_missing_option_explicit
FAILED tests/unit/test_validation_engine_comprehensive.py::TestVBAValidation::test_vba_object_cleanup
FAILED 
tests/unit/test_validation_engine_comprehensive.py::TestSecurityPatternDetection::test_hardcoded_credentials_detection
FAILED tests/unit/test_validation_engine_comprehensive.py::TestPerformance::test_large_file_validation_performance
144 failed, 230 passed, 4 skipped, 3 warnings in 101.11s (0:01:41)


