FFFFFFFFFFFFFFFFFF...F...F.F.........FFFFF........F..FFFFFFF.FFFFFFFFFFF [ 19%]
F...F..........F.F........................F.F.FFFFFFFFFFF.....FFFFF.FFFF [ 38%]
FFFF.FF............F..............FFFFFFFFFFFFFFFFFs.......F....F...F... [ 57%]
.........F.F......F.................F.....FFFF..F.F.......F..F.FFFFFFFFF [ 76%]
FFFFF....F..FFF.FFFF...........FF........FF..ss...F...FF.....F...F.F.... [ 95%]
.............F.F.                                                        [100%]
================================== FAILURES ===================================
C:\Users\barrya\source\repos\AutoCAD_MCP\.venv\Lib\site-packages\_pytest\python.py:147: Failed: async def functions are not natively supported.
C:\Users\barrya\source\repos\AutoCAD_MCP\.venv\Lib\site-packages\_pytest\python.py:147: Failed: async def functions are not natively supported.
C:\Users\barrya\source\repos\AutoCAD_MCP\.venv\Lib\site-packages\_pytest\python.py:147: Failed: async def functions are not natively supported.
C:\Users\barrya\source\repos\AutoCAD_MCP\.venv\Lib\site-packages\_pytest\python.py:147: Failed: async def functions are not natively supported.
C:\Users\barrya\source\repos\AutoCAD_MCP\.venv\Lib\site-packages\_pytest\python.py:147: Failed: async def functions are not natively supported.
C:\Users\barrya\source\repos\AutoCAD_MCP\.venv\Lib\site-packages\_pytest\python.py:147: Failed: async def functions are not natively supported.
C:\Users\barrya\source\repos\AutoCAD_MCP\.venv\Lib\site-packages\_pytest\python.py:147: Failed: async def functions are not natively supported.
C:\Users\barrya\source\repos\AutoCAD_MCP\.venv\Lib\site-packages\_pytest\python.py:147: Failed: async def functions are not natively supported.
C:\Users\barrya\source\repos\AutoCAD_MCP\.venv\Lib\site-packages\_pytest\python.py:147: Failed: async def functions are not natively supported.
C:\Users\barrya\source\repos\AutoCAD_MCP\.venv\Lib\site-packages\_pytest\python.py:147: Failed: async def functions are not natively supported.
C:\Users\barrya\source\repos\AutoCAD_MCP\.venv\Lib\site-packages\_pytest\python.py:147: Failed: async def functions are not natively supported.
C:\Users\barrya\source\repos\AutoCAD_MCP\.venv\Lib\site-packages\_pytest\python.py:147: Failed: async def functions are not natively supported.
C:\Users\barrya\source\repos\AutoCAD_MCP\.venv\Lib\site-packages\_pytest\python.py:147: Failed: async def functions are not natively supported.
C:\Users\barrya\source\repos\AutoCAD_MCP\.venv\Lib\site-packages\_pytest\python.py:147: Failed: async def functions are not natively supported.
C:\Users\barrya\source\repos\AutoCAD_MCP\.venv\Lib\site-packages\_pytest\python.py:147: Failed: async def functions are not natively supported.
C:\Users\barrya\source\repos\AutoCAD_MCP\.venv\Lib\site-packages\_pytest\python.py:147: Failed: async def functions are not natively supported.
C:\Users\barrya\source\repos\AutoCAD_MCP\.venv\Lib\site-packages\_pytest\python.py:147: Failed: async def functions are not natively supported.
C:\Users\barrya\source\repos\AutoCAD_MCP\.venv\Lib\site-packages\_pytest\python.py:147: Failed: async def functions are not natively supported.
C:\Users\barrya\source\repos\AutoCAD_MCP\tests\integration\test_enhanced_mcp_integration.py:595: AssertionError: Integration rate 33.3% is not 100% - some existing tools broken
C:\Users\barrya\source\repos\AutoCAD_MCP\tests\performance\test_algorithm_benchmarks.py:357: TypeError: object of type 'int' has no len()
C:\Users\barrya\source\repos\AutoCAD_MCP\tests\performance\test_algorithm_benchmarks.py:474: AttributeError: 'EnhancedMCPServer' object has no attribute '_tools'
C:\Users\barrya\source\repos\AutoCAD_MCP\tests\performance\test_enhanced_mcp_enterprise_load.py:47: AttributeError: 'FastMCP' object has no attribute 'get_tool'. Did you mean: 'add_tool'?
C:\Users\barrya\source\repos\AutoCAD_MCP\tests\performance\test_enhanced_mcp_enterprise_load.py:47: AttributeError: 'FastMCP' object has no attribute 'get_tool'. Did you mean: 'add_tool'?
C:\Users\barrya\source\repos\AutoCAD_MCP\tests\performance\test_enhanced_mcp_enterprise_load.py:473: assert 0 > 0
C:\Users\barrya\source\repos\AutoCAD_MCP\tests\performance\test_enhanced_mcp_enterprise_load.py:491: assert 0 > 0
C:\Users\barrya\source\repos\AutoCAD_MCP\tests\performance\test_enhanced_mcp_enterprise_load.py:514: assert 0 == 50
C:\Program Files\Python312\Lib\encodings\cp1252.py:23: UnicodeDecodeError: 'charmap' codec can't decode byte 0x81 in position 17212: character maps to <undefined>
C:\Users\barrya\source\repos\AutoCAD_MCP\tests\regression\test_basic_tools_regression.py:71: AttributeError: 'EnhancedMCPServer' object has no attribute 'tool_handlers'
C:\Users\barrya\source\repos\AutoCAD_MCP\tests\regression\test_basic_tools_regression.py:99: AttributeError: 'EnhancedMCPServer' object has no attribute 'tool_handlers'
C:\Users\barrya\source\repos\AutoCAD_MCP\tests\regression\test_basic_tools_regression.py:132: AttributeError: 'EnhancedMCPServer' object has no attribute 'tool_handlers'
C:\Users\barrya\source\repos\AutoCAD_MCP\tests\regression\test_basic_tools_regression.py:170: AttributeError: 'EnhancedMCPServer' object has no attribute 'tool_handlers'
C:\Users\barrya\source\repos\AutoCAD_MCP\tests\regression\test_basic_tools_regression.py:196: AttributeError: 'EnhancedMCPServer' object has no attribute 'tool_handlers'
C:\Users\barrya\source\repos\AutoCAD_MCP\tests\regression\test_basic_tools_regression.py:220: AttributeError: 'EnhancedMCPServer' object has no attribute 'tool_handlers'
C:\Users\barrya\source\repos\AutoCAD_MCP\tests\regression\test_basic_tools_regression.py:242: AttributeError: 'EnhancedMCPServer' object has no attribute 'tool_handlers'
C:\Users\barrya\source\repos\AutoCAD_MCP\tests\regression\test_basic_tools_regression.py:283: AttributeError: 'EnhancedMCPServer' object has no attribute 'tool_handlers'
C:\Users\barrya\source\repos\AutoCAD_MCP\tests\regression\test_basic_tools_regression.py:312: AttributeError: 'EnhancedMCPServer' object has no attribute 'tool_handlers'
C:\Users\barrya\source\repos\AutoCAD_MCP\tests\regression\test_basic_tools_regression.py:337: AttributeError: 'EnhancedMCPServer' object has no attribute 'tool_handlers'
C:\Users\barrya\source\repos\AutoCAD_MCP\tests\regression\test_basic_tools_regression.py:366: AttributeError: 'EnhancedMCPServer' object has no attribute 'tool_handlers'
C:\Users\barrya\source\repos\AutoCAD_MCP\tests\regression\test_basic_tools_regression.py:390: AttributeError: 'EnhancedMCPServer' object has no attribute 'tool_handlers'
C:\Users\barrya\source\repos\AutoCAD_MCP\tests\regression\test_basic_tools_regression.py:416: AttributeError: 'EnhancedMCPServer' object has no attribute 'tool_handlers'
C:\Users\barrya\source\repos\AutoCAD_MCP\tests\regression\test_basic_tools_regression.py:448: AttributeError: 'EnhancedMCPServer' object has no attribute 'tool_handlers'
C:\Users\barrya\source\repos\AutoCAD_MCP\tests\regression\test_basic_tools_regression.py:494: AttributeError: 'EnhancedMCPServer' object has no attribute 'tool_handlers'
C:\Users\barrya\source\repos\AutoCAD_MCP\tests\regression\test_basic_tools_regression.py:540: AttributeError: 'EnhancedMCPServer' object has no attribute 'tool_handlers'
C:\Users\barrya\source\repos\AutoCAD_MCP\tests\regression\test_basic_tools_regression.py:567: AttributeError: 'EnhancedMCPServer' object has no attribute 'tool_handlers'
C:\Users\barrya\source\repos\AutoCAD_MCP\tests\regression\test_basic_tools_regression.py:595: AttributeError: 'EnhancedMCPServer' object has no attribute 'tool_handlers'
C:\Users\barrya\source\repos\AutoCAD_MCP\tests\regression\test_basic_tools_regression.py:626: AttributeError: 'EnhancedMCPServer' object has no attribute 'tool_handlers'
c:\Users\barrya\source\repos\AutoCAD_MCP\tests\security\test_automated_code_reviewer.py:175: AssertionError: assert '' == 'test.py'
C:\Users\barrya\source\repos\AutoCAD_MCP\tests\security\test_enhanced_mcp_security.py:419: AssertionError: Access control score 33.3% below 80% threshold
C:\Users\barrya\source\repos\AutoCAD_MCP\tests\security\test_enhanced_mcp_security.py:476: AssertionError: Security acceptance criterion failed: access_control_system_tested
c:\Users\barrya\source\repos\AutoCAD_MCP\tests\security\test_secure_evaluator.py:408: AssertionError: assert False
<secure_eval>:1: NameError: name 'globals' is not defined
<secure_eval>:1: NameError: name 'dangerous_obj' is not defined
C:\Users\barrya\source\repos\AutoCAD_MCP\.venv\Lib\site-packages\_pytest\python.py:147: Failed: async def functions are not natively supported.
C:\Users\barrya\source\repos\AutoCAD_MCP\.venv\Lib\site-packages\_pytest\python.py:147: Failed: async def functions are not natively supported.
C:\Users\barrya\source\repos\AutoCAD_MCP\.venv\Lib\site-packages\_pytest\python.py:147: Failed: async def functions are not natively supported.
C:\Users\barrya\source\repos\AutoCAD_MCP\.venv\Lib\site-packages\_pytest\python.py:147: Failed: async def functions are not natively supported.
C:\Users\barrya\source\repos\AutoCAD_MCP\.venv\Lib\site-packages\_pytest\python.py:147: Failed: async def functions are not natively supported.
C:\Users\barrya\source\repos\AutoCAD_MCP\.venv\Lib\site-packages\_pytest\python.py:147: Failed: async def functions are not natively supported.
C:\Users\barrya\source\repos\AutoCAD_MCP\.venv\Lib\site-packages\_pytest\python.py:147: Failed: async def functions are not natively supported.
C:\Users\barrya\source\repos\AutoCAD_MCP\.venv\Lib\site-packages\_pytest\python.py:147: Failed: async def functions are not natively supported.
C:\Users\barrya\source\repos\AutoCAD_MCP\.venv\Lib\site-packages\_pytest\python.py:147: Failed: async def functions are not natively supported.
C:\Users\barrya\source\repos\AutoCAD_MCP\.venv\Lib\site-packages\_pytest\python.py:147: Failed: async def functions are not natively supported.
C:\Users\barrya\source\repos\AutoCAD_MCP\tests\unit\test_automated_code_reviewer.py:50: NameError: name 'CodeReviewResult' is not defined
C:\Users\barrya\source\repos\AutoCAD_MCP\tests\unit\test_automated_code_reviewer.py:72: AttributeError: 'ReviewFinding' object has no attribute 'message'
C:\Users\barrya\source\repos\AutoCAD_MCP\tests\unit\test_automated_code_reviewer.py:89: AttributeError: 'ReviewFinding' object has no attribute 'message'
C:\Users\barrya\source\repos\AutoCAD_MCP\tests\unit\test_automated_code_reviewer.py:113: AttributeError: 'ReviewFinding' object has no attribute 'message'
C:\Users\barrya\source\repos\AutoCAD_MCP\tests\unit\test_automated_code_reviewer.py:144: assert 0 > 0
C:\Users\barrya\source\repos\AutoCAD_MCP\tests\unit\test_automated_code_reviewer.py:175: NameError: name 'CodeReviewResult' is not defined
C:\Users\barrya\source\repos\AutoCAD_MCP\tests\unit\test_automated_code_reviewer.py:184: NameError: name 'CodeReviewResult' is not defined
C:\Users\barrya\source\repos\AutoCAD_MCP\tests\unit\test_automated_code_reviewer.py:207: AttributeError: 'CodeReviewReport' object has no attribute 'quality_score'
C:\Users\barrya\source\repos\AutoCAD_MCP\tests\unit\test_automated_code_reviewer.py:218: AttributeError: 'CodeReviewReport' object has no attribute 'suggestions'
C:\Users\barrya\source\repos\AutoCAD_MCP\tests\unit\test_automated_code_reviewer.py:232: assert 0 > 0
C:\Users\barrya\source\repos\AutoCAD_MCP\tests\unit\test_automated_code_reviewer.py:238: AttributeError: 'CodeReviewReport' object has no attribute 'language'
C:\Users\barrya\source\repos\AutoCAD_MCP\tests\unit\test_automated_code_reviewer.py:251: TypeError: ReviewFinding.__init__() got an unexpected keyword argument 'message'
C:\Users\barrya\source\repos\AutoCAD_MCP\tests\unit\test_automated_code_reviewer.py:273: NameError: name 'QualityMetrics' is not defined
C:\Users\barrya\source\repos\AutoCAD_MCP\tests\unit\test_automated_code_reviewer_comprehensive.py:64: AssertionError: assert 0.0 > 0
C:\Users\barrya\source\repos\AutoCAD_MCP\tests\unit\test_automated_code_reviewer_comprehensive.py:71: assert not True
C:\Users\barrya\source\repos\AutoCAD_MCP\tests\unit\test_automated_code_reviewer_comprehensive.py:384: assert False
C:\Users\barrya\source\repos\AutoCAD_MCP\tests\unit\test_automated_code_reviewer_comprehensive.py:681: assert 1.11 < 0.0
C:\Users\barrya\source\repos\AutoCAD_MCP\tests\unit\test_automated_code_reviewer_comprehensive.py:694: TypeError: RefactoringSuggestion.__init__() got an unexpected keyword argument 'suggestion_id'
C:\Users\barrya\source\repos\AutoCAD_MCP\.venv\Lib\site-packages\_pytest\python.py:147: Failed: async def functions are not natively supported.
C:\Users\barrya\source\repos\AutoCAD_MCP\.venv\Lib\site-packages\_pytest\python.py:147: Failed: async def functions are not natively supported.
C:\Users\barrya\source\repos\AutoCAD_MCP\.venv\Lib\site-packages\_pytest\python.py:147: Failed: async def functions are not natively supported.
C:\Users\barrya\source\repos\AutoCAD_MCP\.venv\Lib\site-packages\_pytest\python.py:147: Failed: async def functions are not natively supported.
C:\Users\barrya\source\repos\AutoCAD_MCP\.venv\Lib\site-packages\_pytest\python.py:147: Failed: async def functions are not natively supported.
C:\Users\barrya\source\repos\AutoCAD_MCP\.venv\Lib\site-packages\_pytest\python.py:147: Failed: async def functions are not natively supported.
C:\Users\barrya\source\repos\AutoCAD_MCP\.venv\Lib\site-packages\_pytest\python.py:147: Failed: async def functions are not natively supported.
C:\Users\barrya\source\repos\AutoCAD_MCP\.venv\Lib\site-packages\_pytest\python.py:147: Failed: async def functions are not natively supported.
C:\Users\barrya\source\repos\AutoCAD_MCP\.venv\Lib\site-packages\_pytest\python.py:147: Failed: async def functions are not natively supported.
C:\Users\barrya\source\repos\AutoCAD_MCP\.venv\Lib\site-packages\_pytest\python.py:147: Failed: async def functions are not natively supported.
C:\Users\barrya\source\repos\AutoCAD_MCP\.venv\Lib\site-packages\_pytest\python.py:147: Failed: async def functions are not natively supported.
C:\Users\barrya\source\repos\AutoCAD_MCP\.venv\Lib\site-packages\_pytest\python.py:147: Failed: async def functions are not natively supported.
C:\Users\barrya\source\repos\AutoCAD_MCP\.venv\Lib\site-packages\_pytest\python.py:147: Failed: async def functions are not natively supported.
C:\Users\barrya\source\repos\AutoCAD_MCP\.venv\Lib\site-packages\_pytest\python.py:147: Failed: async def functions are not natively supported.
C:\Users\barrya\source\repos\AutoCAD_MCP\.venv\Lib\site-packages\_pytest\python.py:147: Failed: async def functions are not natively supported.
C:\Users\barrya\source\repos\AutoCAD_MCP\tests\unit\test_enhanced_mcp_server.py:294: AssertionError: assert ('invalid' in 'failed to draw line: failed to establish autocad connection after 3 attempts' or 'error' in 'failed to draw line: failed to establish autocad connection after 3 attempts')
C:\Users\barrya\source\repos\AutoCAD_MCP\src\mcp_integration\enhanced_mcp_server.py:142: mcp.shared.exceptions.McpError: Failed to draw line: Failed to establish AutoCAD connection after 3 attempts
C:\Program Files\Python312\Lib\unittest\case.py:715: AssertionError: "<MagicMock name='Path().parent' id='2096342232304'>" != '/fallback/path'
C:\Program Files\Python312\Lib\encodings\cp1252.py:19: UnicodeEncodeError: 'charmap' codec can't encode character '\u2705' in position 13: character maps to <undefined>
C:\Program Files\Python312\Lib\unittest\case.py:878: AssertionError: 2 != 0
C:\Program Files\Python312\Lib\encodings\cp1252.py:23: UnicodeDecodeError: 'charmap' codec can't decode byte 0x8f in position 651: character maps to <undefined>
C:\Users\barrya\source\repos\AutoCAD_MCP\tests\unit\test_lscm_algorithm_enhanced.py:153: AssertionError: assert np.False_
C:\Users\barrya\source\repos\AutoCAD_MCP\tests\unit\test_lscm_algorithm_enhanced.py:341: assert 0.0 > 0.0
C:\Users\barrya\source\repos\AutoCAD_MCP\tests\unit\test_lscm_algorithm_enhanced.py:370: AssertionError:
C:\Users\barrya\source\repos\AutoCAD_MCP\tests\unit\test_lscm_algorithm_enhanced.py:399: AssertionError:
C:\Users\barrya\source\repos\AutoCAD_MCP\tests\unit\test_lscm_algorithm_enhanced.py:427: AssertionError:
C:\Users\barrya\source\repos\AutoCAD_MCP\tests\unit\test_lscm_algorithm_enhanced.py:529: assert 0.0 > 0.0
C:\Users\barrya\source\repos\AutoCAD_MCP\src\algorithms\lscm.py:66: ValueError: No valid triangles found in mesh
C:\Users\barrya\source\repos\AutoCAD_MCP\tests\unit\test_lscm_algorithm_enhanced.py:752: AssertionError:
C:\Users\barrya\source\repos\AutoCAD_MCP\tests\unit\test_mcp_advanced_tools.py:57: assert False is True
C:\Users\barrya\source\repos\AutoCAD_MCP\tests\unit\test_mcp_advanced_tools.py:77: assert 'uv_coordinates' in {'algorithm': 'LSCM (Least Squares Conformal Mapping)', 'detailed_error': '(<class \'ValueError\'>, ValueError("LSCM u...ect has no attribute 'get'", 'input_mesh': {'boundary_constraints': 0, 'triangles_count': 1, 'vertices_count': 3}, ...}
C:\Users\barrya\source\repos\AutoCAD_MCP\tests\unit\test_mcp_advanced_tools.py:87: assert False is True
c:\Users\barrya\source\repos\AutoCAD_MCP\tests\unit\test_multi_algorithm_suite.py:146: AssertionError: Missing expected pattern 'acad' in generated code
c:\Users\barrya\source\repos\AutoCAD_MCP\tests\unit\test_multi_algorithm_suite.py:204: AssertionError: assert False == True
c:\Users\barrya\source\repos\AutoCAD_MCP\tests\unit\test_multi_algorithm_suite.py:245: AssertionError: assert False == True
C:\Users\barrya\source\repos\AutoCAD_MCP\.venv\Lib\site-packages\_pytest\python.py:147: Failed: async def functions are not natively supported.
C:\Users\barrya\source\repos\AutoCAD_MCP\.venv\Lib\site-packages\_pytest\python.py:147: Failed: async def functions are not natively supported.
C:\Users\barrya\source\repos\AutoCAD_MCP\.venv\Lib\site-packages\_pytest\python.py:147: Failed: async def functions are not natively supported.
C:\Users\barrya\source\repos\AutoCAD_MCP\.venv\Lib\site-packages\_pytest\python.py:147: Failed: async def functions are not natively supported.
C:\Users\barrya\source\repos\AutoCAD_MCP\.venv\Lib\site-packages\_pytest\python.py:147: Failed: async def functions are not natively supported.
C:\Users\barrya\source\repos\AutoCAD_MCP\tests\unit\test_pickup_command.py:259: AttributeError: 'PickupCommand' object has no attribute '_analyze_and_prioritize'. Did you mean: 'analyze_and_prioritize'?
C:\Users\barrya\source\repos\AutoCAD_MCP\commands\pickup.py:661: KeyError: 'content'
C:\Users\barrya\source\repos\AutoCAD_MCP\tests\unit\test_pickup_command.py:202: AttributeError: 'PickupCommand' object has no attribute 'assess_test_coverage'. Did you mean: '_assess_test_coverage'?
C:\Users\barrya\source\repos\AutoCAD_MCP\tests\unit\test_pickup_command.py:241: AttributeError: 'PickupCommand' object has no attribute 'determine_project_phase'
C:\Users\barrya\source\repos\AutoCAD_MCP\tests\unit\test_pickup_command.py:127: KeyError: 'current_branch'
C:\Users\barrya\source\repos\AutoCAD_MCP\tests\unit\test_pickup_command.py:226: AttributeError: 'PickupCommand' object has no attribute '_perform_quality_assessment'
C:\Program Files\Python312\Lib\encodings\cp1252.py:19: UnicodeEncodeError: 'charmap' codec can't encode character '\U0001f4cb' in position 41: character maps to <undefined>
C:\Users\barrya\source\repos\AutoCAD_MCP\tests\unit\test_pickup_command.py:105: KeyError: 'timestamp'
C:\Users\barrya\source\repos\AutoCAD_MCP\commands\pickup.py:925: KeyError: 'git_status'
C:\Users\barrya\source\repos\AutoCAD_MCP\tests\unit\test_pickup_command.py:156: AttributeError: 'PickupCommand' object has no attribute '_scan_codebase_for_incomplete_implementations'
C:\Users\barrya\source\repos\AutoCAD_MCP\tests\unit\test_pickup_command.py:182: AttributeError: 'PickupCommand' object has no attribute '_scan_codebase_for_todo_comments'
C:\Users\barrya\source\repos\AutoCAD_MCP\commands\pickup.py:789: KeyError: 'git_status'
C:\Users\barrya\source\repos\AutoCAD_MCP\tests\unit\test_validation_engine.py:48: AssertionError: assert False
C:\Users\barrya\source\repos\AutoCAD_MCP\tests\unit\test_validation_engine.py:71: AssertionError: assert 60 < 50
C:\Users\barrya\source\repos\AutoCAD_MCP\tests\unit\test_validation_engine.py:257: Failed: DID NOT RAISE any of (<class 'ValueError'>, <class 'NotImplementedError'>)
C:\Users\barrya\source\repos\AutoCAD_MCP\tests\unit\test_validation_engine.py:309: AssertionError: assert 80 < 80
C:\Users\barrya\source\repos\AutoCAD_MCP\tests\unit\test_validation_engine.py:519: AssertionError: assert 80 > 80
C:\Users\barrya\source\repos\AutoCAD_MCP\tests\unit\test_validation_engine_comprehensive.py:100: AssertionError: assert 60 < 50.0
C:\Users\barrya\source\repos\AutoCAD_MCP\tests\unit\test_validation_engine_comprehensive.py:132: assert 0 >= 1
C:\Users\barrya\source\repos\AutoCAD_MCP\tests\unit\test_validation_engine_comprehensive.py:255: assert 0 > 0
C:\Users\barrya\source\repos\AutoCAD_MCP\tests\unit\test_validation_engine_comprehensive.py:354: assert 0 > 0
C:\Users\barrya\source\repos\AutoCAD_MCP\tests\unit\test_validation_engine_comprehensive.py:398: assert 0 > 0
C:\Users\barrya\source\repos\AutoCAD_MCP\tests\unit\test_validation_engine_comprehensive.py:727: AssertionError: assert 3 >= 5
C:\Users\barrya\source\repos\AutoCAD_MCP\tests\unit\test_validation_engine_comprehensive.py:761: TypeError: sequence item 0: expected str instance, list found
============================== warnings summary ===============================
.venv\Lib\site-packages\_pytest\config\__init__.py:1474
  C:\Users\barrya\source\repos\AutoCAD_MCP\.venv\Lib\site-packages\_pytest\config\__init__.py:1474: PytestConfigWarning: Unknown config option: asyncio_default_fixture_loop_scope
  
    self._warn_or_fail_if_strict(f"Unknown config option: {key}\n")

.venv\Lib\site-packages\_pytest\config\__init__.py:1474
  C:\Users\barrya\source\repos\AutoCAD_MCP\.venv\Lib\site-packages\_pytest\config\__init__.py:1474: PytestConfigWarning: Unknown config option: asyncio_mode
  
    self._warn_or_fail_if_strict(f"Unknown config option: {key}\n")

tests/integration/test_enhanced_mcp_integration.py::TestEnhancedMCPIntegration::test_comprehensive_integration_validation
  C:\Users\barrya\source\repos\AutoCAD_MCP\.venv\Lib\site-packages\_pytest\python.py:161: PytestReturnNotNoneWarning: Test functions should return None, but tests/integration/test_enhanced_mcp_integration.py::TestEnhancedMCPIntegration::test_comprehensive_integration_validation returned <class 'dict'>.
  Did you mean to use `assert` instead of `return`?
  See https://docs.pytest.org/en/stable/how-to/assert.html#return-not-none for more information.
    warnings.warn(

tests/unit/test_lscm_algorithm_enhanced.py::TestNumericalStability::test_extremely_large_mesh
  C:\Users\barrya\source\repos\AutoCAD_MCP\src\algorithms\lscm.py:274: MatrixRankWarning: Matrix is exactly singular
    solution = spsolve(AtA, Atrhs)

-- Docs: https://docs.pytest.org/en/stable/how-to/capture-warnings.html
=========================== short test summary info ===========================
FAILED tests/integration/test_csharp_integration.py::TestCSharpCodeGeneration::test_basic_line_drawing_generation
FAILED tests/integration/test_csharp_integration.py::TestCSharpCodeGeneration::test_mesh_creation_generation
FAILED tests/integration/test_csharp_integration.py::TestCSharpCodeGeneration::test_layer_management_generation
FAILED tests/integration/test_csharp_integration.py::TestCrossLanguageIntegration::test_python_to_csharp_data_conversion
FAILED tests/integration/test_csharp_integration.py::TestCrossLanguageIntegration::test_cross_language_function_calls
FAILED tests/integration/test_csharp_integration.py::TestCrossLanguageIntegration::test_error_propagation
FAILED tests/integration/test_csharp_integration.py::TestAutoCADVersionCompatibility::test_version_2024_compatibility
FAILED tests/integration/test_csharp_integration.py::TestAutoCADVersionCompatibility::test_version_specific_patterns
FAILED tests/integration/test_csharp_integration.py::TestAutoCADVersionCompatibility::test_deprecation_handling
FAILED tests/integration/test_csharp_integration.py::TestIDEIntegration::test_vs_code_integration
FAILED tests/integration/test_csharp_integration.py::TestIDEIntegration::test_visual_studio_integration
FAILED tests/integration/test_csharp_integration.py::TestCSharpPerformance::test_code_generation_speed
FAILED tests/integration/test_csharp_integration.py::TestCSharpPerformance::test_cross_language_overhead
FAILED tests/integration/test_csharp_integration.py::TestCSharpPerformance::test_concurrent_operations
FAILED tests/integration/test_csharp_integration.py::TestCompilationValidation::test_basic_program_compilation
FAILED tests/integration/test_csharp_integration.py::TestCompilationValidation::test_complex_mesh_compilation
FAILED tests/integration/test_csharp_integration.py::TestCompilationValidation::test_ui_plugin_compilation
FAILED tests/integration/test_csharp_integration.py::test_comprehensive_csharp_integration
FAILED tests/integration/test_enhanced_mcp_integration.py::TestEnhancedMCPIntegration::test_integration_with_existing_tools_verified
FAILED tests/performance/test_algorithm_benchmarks.py::TestLSCMPerformanceBenchmarks::test_lscm_concurrent_execution
FAILED tests/performance/test_algorithm_benchmarks.py::TestMCPServerPerformance::test_basic_tool_response_times
FAILED tests/performance/test_enhanced_mcp_enterprise_load.py::TestEnterpriseLoadTesting::test_baseline_performance_measurement
FAILED tests/performance/test_enhanced_mcp_enterprise_load.py::TestEnterpriseLoadTesting::test_100_concurrent_operations
FAILED tests/performance/test_enhanced_mcp_enterprise_load.py::TestEnterpriseLoadTesting::test_large_workload_processing
FAILED tests/performance/test_enhanced_mcp_enterprise_load.py::TestEnterpriseLoadTesting::test_mixed_workload_scenarios
FAILED tests/performance/test_enhanced_mcp_enterprise_load.py::TestEnterpriseLoadTesting::test_resource_contention_validation
FAILED tests/performance/test_performance_validation.py::TestBenchmarkFrameworkStructure::test_benchmark_file_structure
FAILED tests/regression/test_basic_tools_regression.py::TestBasicToolsRegression::test_draw_line_regression
FAILED tests/regression/test_basic_tools_regression.py::TestBasicToolsRegression::test_draw_circle_regression
FAILED tests/regression/test_basic_tools_regression.py::TestBasicToolsRegression::test_extrude_profile_regression
FAILED tests/regression/test_basic_tools_regression.py::TestBasicToolsRegression::test_revolve_profile_regression
FAILED tests/regression/test_basic_tools_regression.py::TestBasicToolsRegression::test_list_entities_regression
FAILED tests/regression/test_basic_tools_regression.py::TestBasicToolsRegression::test_get_entity_info_regression
FAILED tests/regression/test_basic_tools_regression.py::TestBasicToolsRegression::test_server_status_regression
FAILED tests/regression/test_basic_tools_regression.py::TestMCPServerStability::test_tool_discovery_includes_all_tools
FAILED tests/regression/test_basic_tools_regression.py::TestMCPServerStability::test_no_interference_between_tool_types
FAILED tests/regression/test_basic_tools_regression.py::TestMCPServerStability::test_memory_usage_baseline_validation
FAILED tests/regression/test_basic_tools_regression.py::TestBackwardCompatibility::test_response_format_consistency
FAILED tests/regression/test_basic_tools_regression.py::TestBackwardCompatibility::test_error_handling_backwards_compatibility
FAILED tests/regression/test_basic_tools_regression.py::TestBackwardCompatibility::test_performance_baseline_preservation
FAILED tests/regression/test_basic_tools_regression.py::TestConcurrentExecution::test_basic_tools_work_during_advanced_operations
FAILED tests/regression/test_basic_tools_regression.py::TestConcurrentExecution::test_no_resource_contention_issues
FAILED tests/regression/test_basic_tools_regression.py::TestConcurrentExecution::test_proper_error_isolation
FAILED tests/regression/test_basic_tools_regression.py::TestRegressionSuite::test_all_basic_tools_functional
FAILED tests/regression/test_basic_tools_regression.py::TestRegressionSuite::test_performance_regression_suite
FAILED tests/regression/test_basic_tools_regression.py::TestRegressionSuite::test_memory_stability_after_integration
FAILED tests/security/test_automated_code_reviewer.py::TestAutomatedCodeReviewerSecurity::test_security_report_structure
FAILED tests/security/test_enhanced_mcp_security.py::TestEnhancedMCPSecurity::test_access_control_system_tested
FAILED tests/security/test_enhanced_mcp_security.py::TestEnhancedMCPSecurity::test_comprehensive_security_validation
FAILED tests/security/test_secure_evaluator.py::TestSecureExpressionEvaluator::test_max_expression_length
FAILED tests/security/test_secure_evaluator.py::TestSecureExpressionEvaluator::test_function_call_restrictions
FAILED tests/security/test_secure_evaluator.py::TestSecureExpressionEvaluator::test_namespace_filtering
FAILED tests/security/test_security_framework.py::TestCodeValidationSecurity::test_malicious_python_code_detection
FAILED tests/security/test_security_framework.py::TestCodeValidationSecurity::test_safe_code_validation
FAILED tests/security/test_security_framework.py::TestSandboxedExecutionSecurity::test_sandbox_file_system_isolation
FAILED tests/security/test_security_framework.py::TestSandboxedExecutionSecurity::test_sandbox_network_isolation
FAILED tests/security/test_security_framework.py::TestSandboxedExecutionSecurity::test_sandbox_resource_limits
FAILED tests/security/test_security_framework.py::TestAccessControlSecurity::test_role_based_access_control
FAILED tests/security/test_security_framework.py::TestAccessControlSecurity::test_session_authentication
FAILED tests/security/test_security_framework.py::TestInputSanitizationSecurity::test_sql_injection_prevention
FAILED tests/security/test_security_framework.py::TestInputSanitizationSecurity::test_code_injection_prevention
FAILED tests/security/test_security_framework.py::TestAuditTrailSecurity::test_security_event_logging
FAILED tests/unit/test_automated_code_reviewer.py::TestAutomatedCodeReviewer::test_review_simple_code
FAILED tests/unit/test_automated_code_reviewer.py::TestAutomatedCodeReviewer::test_detect_security_issues
FAILED tests/unit/test_automated_code_reviewer.py::TestAutomatedCodeReviewer::test_detect_hardcoded_secrets
FAILED tests/unit/test_automated_code_reviewer.py::TestAutomatedCodeReviewer::test_autocad_best_practices
FAILED tests/unit/test_automated_code_reviewer.py::TestAutomatedCodeReviewer::test_code_complexity_analysis
FAILED tests/unit/test_automated_code_reviewer.py::TestAutomatedCodeReviewer::test_syntax_error_handling
FAILED tests/unit/test_automated_code_reviewer.py::TestAutomatedCodeReviewer::test_empty_code_handling
FAILED tests/unit/test_automated_code_reviewer.py::TestAutomatedCodeReviewer::test_quality_score_calculation
FAILED tests/unit/test_automated_code_reviewer.py::TestAutomatedCodeReviewer::test_suggestion_generation
FAILED tests/unit/test_automated_code_reviewer.py::TestAutomatedCodeReviewer::test_finding_severity_assignment
FAILED tests/unit/test_automated_code_reviewer.py::TestAutomatedCodeReviewer::test_multiple_language_support
FAILED tests/unit/test_automated_code_reviewer.py::TestReviewFinding::test_finding_creation
FAILED tests/unit/test_automated_code_reviewer.py::TestQualityMetrics::test_metrics_initialization
FAILED tests/unit/test_automated_code_reviewer_comprehensive.py::TestAutomatedCodeReviewer::test_review_code_valid_syntax
FAILED tests/unit/test_automated_code_reviewer_comprehensive.py::TestAutomatedCodeReviewer::test_review_code_syntax_error
FAILED tests/unit/test_automated_code_reviewer_comprehensive.py::TestAutoCADASTVisitor::test_transaction_detection
FAILED tests/unit/test_automated_code_reviewer_comprehensive.py::TestQualityScoring::test_compliance_scores
FAILED tests/unit/test_automated_code_reviewer_comprehensive.py::TestIntegration::test_integration_with_dependencies
FAILED tests/unit/test_drawing_operations.py::TestDrawLine::test_draw_line_success
FAILED tests/unit/test_drawing_operations.py::TestDrawLine::test_draw_line_invalid_point
FAILED tests/unit/test_drawing_operations.py::TestDrawLine::test_draw_line_autocad_error
FAILED tests/unit/test_drawing_operations.py::TestDrawCircle::test_draw_circle_success
FAILED tests/unit/test_drawing_operations.py::TestDrawCircle::test_draw_circle_negative_radius
FAILED tests/unit/test_drawing_operations.py::TestDrawCircle::test_draw_circle_invalid_center
FAILED tests/unit/test_drawing_operations.py::TestListEntities::test_list_entities_success
FAILED tests/unit/test_drawing_operations.py::TestListEntities::test_list_entities_empty
FAILED tests/unit/test_drawing_operations.py::TestListEntities::test_list_entities_autocad_error
FAILED tests/unit/test_drawing_operations.py::TestGetEntityInfo::test_get_entity_info_success
FAILED tests/unit/test_drawing_operations.py::TestGetEntityInfo::test_get_entity_info_not_found
FAILED tests/unit/test_drawing_operations.py::TestServerStatus::test_server_status_success
FAILED tests/unit/test_drawing_operations.py::TestServerStatus::test_server_status_autocad_disconnected
FAILED tests/unit/test_drawing_operations.py::TestMCPToolsIntegration::test_draw_and_list_workflow
FAILED tests/unit/test_drawing_operations.py::TestMCPToolsIntegration::test_get_entity_after_draw
FAILED tests/unit/test_enhanced_mcp_server.py::TestSecurityFramework::test_input_validation_security
FAILED tests/unit/test_enhanced_mcp_server.py::TestPerformanceRegression::test_basic_operation_performance
FAILED tests/unit/test_handoff_command.py::TestHandoffCommand::test_find_project_root_fallback_to_cwd
FAILED tests/unit/test_handoff_command.py::TestHandoffCommand::test_get_roadmap_status_with_file
FAILED tests/unit/test_handoff_command.py::TestHandoffCommand::test_handoff_with_real_directory_structure
FAILED tests/unit/test_handoff_command.py::TestHandoffCommand::test_update_session_handoff
FAILED tests/unit/test_lscm_algorithm_enhanced.py::TestNumericalStability::test_extremely_large_mesh
FAILED tests/unit/test_lscm_algorithm_enhanced.py::TestComplexGeometries::test_highly_curved_surface
FAILED tests/unit/test_lscm_algorithm_enhanced.py::TestBoundaryConditions::test_overconstrained_system
FAILED tests/unit/test_lscm_algorithm_enhanced.py::TestBoundaryConditions::test_conflicting_constraints
FAILED tests/unit/test_lscm_algorithm_enhanced.py::TestBoundaryConditions::test_partial_boundary_constraints
FAILED tests/unit/test_lscm_algorithm_enhanced.py::TestDistortionAnalysis::test_zero_distortion_case
FAILED tests/unit/test_lscm_algorithm_enhanced.py::TestErrorHandling::test_mismatched_dimensions
FAILED tests/unit/test_lscm_algorithm_enhanced.py::TestRegressionPrevention::test_boundary_constraint_preservation
FAILED tests/unit/test_mcp_advanced_tools.py::TestAdvancedMCPIntegration::test_successful_lscm_execution_with_valid_mesh
FAILED tests/unit/test_mcp_advanced_tools.py::TestLSCMResponseStructure::test_success_response_required_fields
FAILED tests/unit/test_mcp_advanced_tools.py::TestMCPEndToEndWorkflow::test_complete_workflow_simple_triangle
FAILED tests/unit/test_multi_algorithm_suite.py::TestAICodeGeneration::test_python_code_generation
FAILED tests/unit/test_multi_algorithm_suite.py::TestAICodeGeneration::test_autolisp_code_generation
FAILED tests/unit/test_multi_algorithm_suite.py::TestAICodeGeneration::test_vba_code_generation
FAILED tests/unit/test_multi_algorithm_suite.py::TestNaturalLanguageProcessing::test_technical_language_parsing
FAILED tests/unit/test_multi_algorithm_suite.py::TestNaturalLanguageProcessing::test_code_requirement_extraction
FAILED tests/unit/test_multi_algorithm_suite.py::TestMultiLanguageSynthesis::test_cross_language_coordination
FAILED tests/unit/test_multi_algorithm_suite.py::TestInteractiveDevelopmentTools::test_intelligent_autocomplete
FAILED tests/unit/test_multi_algorithm_suite.py::TestInteractiveDevelopmentTools::test_code_refactoring_engine
FAILED tests/unit/test_pickup_command.py::TestPickupCommand::test_analyze_and_prioritize_critical_issues
FAILED tests/unit/test_pickup_command.py::TestPickupCommand::test_analyze_and_prioritize_with_handoff_context
FAILED tests/unit/test_pickup_command.py::TestPickupCommand::test_assess_test_coverage
FAILED tests/unit/test_pickup_command.py::TestPickupCommand::test_determine_project_phase
FAILED tests/unit/test_pickup_command.py::TestPickupCommand::test_get_git_status_failure
FAILED tests/unit/test_pickup_command.py::TestPickupCommand::test_perform_quality_assessment
FAILED tests/unit/test_pickup_command.py::TestPickupCommand::test_read_session_handoff_exists
FAILED tests/unit/test_pickup_command.py::TestPickupCommand::test_read_session_handoff_not_exists
FAILED tests/unit/test_pickup_command.py::TestPickupCommand::test_save_session_todo
FAILED tests/unit/test_pickup_command.py::TestPickupCommand::test_scan_codebase_for_incomplete_implementations
FAILED tests/unit/test_pickup_command.py::TestPickupCommand::test_scan_codebase_for_todo_comments
FAILED tests/unit/test_pickup_command.py::TestPickupCommand::test_todo_presentation_approval
FAILED tests/unit/test_validation_engine.py::TestValidationEngine::test_validate_valid_python_code
FAILED tests/unit/test_validation_engine.py::TestValidationEngine::test_validate_python_syntax_error
FAILED tests/unit/test_validation_engine.py::TestValidationEngine::test_validate_unsupported_language
FAILED tests/unit/test_validation_engine.py::TestValidationEngine::test_quality_score_calculation
FAILED tests/unit/test_validation_engine.py::TestValidationIntegration::test_end_to_end_python_validation
FAILED tests/unit/test_validation_engine_comprehensive.py::TestPythonValidation::test_python_syntax_errors
FAILED tests/unit/test_validation_engine_comprehensive.py::TestPythonValidation::test_python_security_issues
FAILED tests/unit/test_validation_engine_comprehensive.py::TestAutoLISPValidation::test_autolisp_structure_validation
FAILED tests/unit/test_validation_engine_comprehensive.py::TestVBAValidation::test_vba_missing_option_explicit
FAILED tests/unit/test_validation_engine_comprehensive.py::TestVBAValidation::test_vba_object_cleanup
FAILED tests/unit/test_validation_engine_comprehensive.py::TestSecurityPatternDetection::test_hardcoded_credentials_detection
FAILED tests/unit/test_validation_engine_comprehensive.py::TestPerformance::test_large_file_validation_performance
144 failed, 230 passed, 4 skipped, 4 warnings in 97.43s (0:01:37)
